Archive member included to satisfy reference by file (symbol)

/opt/st/stm32cubeide_1.17.0/plugins/com.st.stm32cube.ide.mcu.externaltools.gnu-tools-for-stm32.12.3.rel1.linux64_1.1.0.202410170702/tools/bin/../lib/gcc/arm-none-eabi/12.3.1/../../../../arm-none-eabi/lib/thumb/v7e-m/nofp/libc_nano.a(libc_a-exit.o)
                              /opt/st/stm32cubeide_1.17.0/plugins/com.st.stm32cube.ide.mcu.externaltools.gnu-tools-for-stm32.12.3.rel1.linux64_1.1.0.202410170702/tools/bin/../lib/gcc/arm-none-eabi/12.3.1/../../../../arm-none-eabi/lib/thumb/v7e-m/nofp/crt0.o (exit)
/opt/st/stm32cubeide_1.17.0/plugins/com.st.stm32cube.ide.mcu.externaltools.gnu-tools-for-stm32.12.3.rel1.linux64_1.1.0.202410170702/tools/bin/../lib/gcc/arm-none-eabi/12.3.1/../../../../arm-none-eabi/lib/thumb/v7e-m/nofp/libc_nano.a(libc_a-findfp.o)
                              /opt/st/stm32cubeide_1.17.0/plugins/com.st.stm32cube.ide.mcu.externaltools.gnu-tools-for-stm32.12.3.rel1.linux64_1.1.0.202410170702/tools/bin/../lib/gcc/arm-none-eabi/12.3.1/../../../../arm-none-eabi/lib/thumb/v7e-m/nofp/libc_nano.a(libc_a-exit.o) (__stdio_exit_handler)
/opt/st/stm32cubeide_1.17.0/plugins/com.st.stm32cube.ide.mcu.externaltools.gnu-tools-for-stm32.12.3.rel1.linux64_1.1.0.202410170702/tools/bin/../lib/gcc/arm-none-eabi/12.3.1/../../../../arm-none-eabi/lib/thumb/v7e-m/nofp/libc_nano.a(libc_a-fwalk.o)
                              /opt/st/stm32cubeide_1.17.0/plugins/com.st.stm32cube.ide.mcu.externaltools.gnu-tools-for-stm32.12.3.rel1.linux64_1.1.0.202410170702/tools/bin/../lib/gcc/arm-none-eabi/12.3.1/../../../../arm-none-eabi/lib/thumb/v7e-m/nofp/libc_nano.a(libc_a-findfp.o) (_fwalk_sglue)
/opt/st/stm32cubeide_1.17.0/plugins/com.st.stm32cube.ide.mcu.externaltools.gnu-tools-for-stm32.12.3.rel1.linux64_1.1.0.202410170702/tools/bin/../lib/gcc/arm-none-eabi/12.3.1/../../../../arm-none-eabi/lib/thumb/v7e-m/nofp/libc_nano.a(libc_a-stdio.o)
                              /opt/st/stm32cubeide_1.17.0/plugins/com.st.stm32cube.ide.mcu.externaltools.gnu-tools-for-stm32.12.3.rel1.linux64_1.1.0.202410170702/tools/bin/../lib/gcc/arm-none-eabi/12.3.1/../../../../arm-none-eabi/lib/thumb/v7e-m/nofp/libc_nano.a(libc_a-findfp.o) (__sread)
/opt/st/stm32cubeide_1.17.0/plugins/com.st.stm32cube.ide.mcu.externaltools.gnu-tools-for-stm32.12.3.rel1.linux64_1.1.0.202410170702/tools/bin/../lib/gcc/arm-none-eabi/12.3.1/../../../../arm-none-eabi/lib/thumb/v7e-m/nofp/libc_nano.a(libc_a-memset.o)
                              /opt/st/stm32cubeide_1.17.0/plugins/com.st.stm32cube.ide.mcu.externaltools.gnu-tools-for-stm32.12.3.rel1.linux64_1.1.0.202410170702/tools/bin/../lib/gcc/arm-none-eabi/12.3.1/../../../../arm-none-eabi/lib/thumb/v7e-m/nofp/crt0.o (memset)
/opt/st/stm32cubeide_1.17.0/plugins/com.st.stm32cube.ide.mcu.externaltools.gnu-tools-for-stm32.12.3.rel1.linux64_1.1.0.202410170702/tools/bin/../lib/gcc/arm-none-eabi/12.3.1/../../../../arm-none-eabi/lib/thumb/v7e-m/nofp/libc_nano.a(libc_a-closer.o)
                              /opt/st/stm32cubeide_1.17.0/plugins/com.st.stm32cube.ide.mcu.externaltools.gnu-tools-for-stm32.12.3.rel1.linux64_1.1.0.202410170702/tools/bin/../lib/gcc/arm-none-eabi/12.3.1/../../../../arm-none-eabi/lib/thumb/v7e-m/nofp/libc_nano.a(libc_a-stdio.o) (_close_r)
/opt/st/stm32cubeide_1.17.0/plugins/com.st.stm32cube.ide.mcu.externaltools.gnu-tools-for-stm32.12.3.rel1.linux64_1.1.0.202410170702/tools/bin/../lib/gcc/arm-none-eabi/12.3.1/../../../../arm-none-eabi/lib/thumb/v7e-m/nofp/libc_nano.a(libc_a-reent.o)
                              /opt/st/stm32cubeide_1.17.0/plugins/com.st.stm32cube.ide.mcu.externaltools.gnu-tools-for-stm32.12.3.rel1.linux64_1.1.0.202410170702/tools/bin/../lib/gcc/arm-none-eabi/12.3.1/../../../../arm-none-eabi/lib/thumb/v7e-m/nofp/libc_nano.a(libc_a-closer.o) (errno)
/opt/st/stm32cubeide_1.17.0/plugins/com.st.stm32cube.ide.mcu.externaltools.gnu-tools-for-stm32.12.3.rel1.linux64_1.1.0.202410170702/tools/bin/../lib/gcc/arm-none-eabi/12.3.1/../../../../arm-none-eabi/lib/thumb/v7e-m/nofp/libc_nano.a(libc_a-impure.o)
                              /opt/st/stm32cubeide_1.17.0/plugins/com.st.stm32cube.ide.mcu.externaltools.gnu-tools-for-stm32.12.3.rel1.linux64_1.1.0.202410170702/tools/bin/../lib/gcc/arm-none-eabi/12.3.1/../../../../arm-none-eabi/lib/thumb/v7e-m/nofp/libc_nano.a(libc_a-reent.o) (_impure_ptr)
/opt/st/stm32cubeide_1.17.0/plugins/com.st.stm32cube.ide.mcu.externaltools.gnu-tools-for-stm32.12.3.rel1.linux64_1.1.0.202410170702/tools/bin/../lib/gcc/arm-none-eabi/12.3.1/../../../../arm-none-eabi/lib/thumb/v7e-m/nofp/libc_nano.a(libc_a-lseekr.o)
                              /opt/st/stm32cubeide_1.17.0/plugins/com.st.stm32cube.ide.mcu.externaltools.gnu-tools-for-stm32.12.3.rel1.linux64_1.1.0.202410170702/tools/bin/../lib/gcc/arm-none-eabi/12.3.1/../../../../arm-none-eabi/lib/thumb/v7e-m/nofp/libc_nano.a(libc_a-stdio.o) (_lseek_r)
[...]
Memory Configuration

Name             Origin             Length             Attributes
FLASH            0x08000000         0x00200000         xr
DTCMRAM          0x20000000         0x00020000         xrw
RAM_D1           0x24000000         0x00080000         xrw
RAM_D2           0x30000000         0x00048000         xrw
RAM_D3           0x38000000         0x00010000         xrw
ITCMRAM          0x00000000         0x00010000         xrw
*default*        0x00000000         0xffffffff

Linker script and memory map

LOAD /opt/st/stm32cubeide_1.17.0/plugins/com.st.stm32cube.ide.mcu.externaltools.gnu-tools-for-stm32.12.3.rel1.linux64_1.1.0.202410170702/tools/bin/../lib/gcc/arm-none-eabi/12.3.1/thumb/v7e-m/nofp/crti.o
LOAD /opt/st/stm32cubeide_1.17.0/plugins/com.st.stm32cube.ide.mcu.externaltools.gnu-tools-for-stm32.12.3.rel1.linux64_1.1.0.202410170702/tools/bin/../lib/gcc/arm-none-eabi/12.3.1/thumb/v7e-m/nofp/crtbegin.o
LOAD /opt/st/stm32cubeide_1.17.0/plugins/com.st.stm32cube.ide.mcu.externaltools.gnu-tools-for-stm32.12.3.rel1.linux64_1.1.0.202410170702/tools/bin/../lib/gcc/arm-none-eabi/12.3.1/../../../../arm-none-eabi/lib/thumb/v7e-m/nofp/crt0.o
START GROUP
LOAD /opt/st/stm32cubeide_1.17.0/plugins/com.st.stm32cube.ide.mcu.externaltools.gnu-tools-for-stm32.12.3.rel1.linux64_1.1.0.202410170702/tools/bin/../lib/gcc/arm-none-eabi/12.3.1/../../../../arm-none-eabi/lib/thumb/v7e-m/nofp/libc_nano.a
LOAD /opt/st/stm32cubeide_1.17.0/plugins/com.st.stm32cube.ide.mcu.externaltools.gnu-tools-for-stm32.12.3.rel1.linux64_1.1.0.202410170702/tools/bin/../lib/gcc/arm-none-eabi/12.3.1/../../../../arm-none-eabi/lib/thumb/v7e-m/nofp/libm.a
END GROUP
LOAD CMakeFiles/STM32H753-DroneCAN-Node.dir/Startup/startup_stm32h753iitx.s.obj
LOAD CMakeFiles/STM32H753-DroneCAN-Node.dir/Sources/main.c.obj
LOAD CMakeFiles/STM32H753-DroneCAN-Node.dir/Sources/syscalls.c.obj
LOAD CMakeFiles/STM32H753-DroneCAN-Node.dir/Sources/sysmem.c.obj
LOAD CMakeFiles/STM32H753-DroneCAN-Node.dir/Drivers/dsdl_generated/src/ardupilot.equipment.power.BatteryCells.c.obj
LOAD CMakeFiles/STM32H753-DroneCAN-Node.dir/Drivers/dsdl_generated/src/ardupilot.equipment.power.BatteryContinuous.c.obj
LOAD CMakeFiles/STM32H753-DroneCAN-Node.dir/Drivers/dsdl_generated/src/ardupilot.equipment.power.BatteryInfoAux.c.obj
LOAD CMakeFiles/STM32H753-DroneCAN-Node.dir/Drivers/dsdl_generated/src/ardupilot.equipment.power.BatteryPeriodic.c.obj
LOAD CMakeFiles/STM32H753-DroneCAN-Node.dir/Drivers/dsdl_generated/src/ardupilot.equipment.proximity_sensor.Proximity.c.obj
LOAD CMakeFiles/STM32H753-DroneCAN-Node.dir/Drivers/dsdl_generated/src/ardupilot.equipment.trafficmonitor.TrafficReport.c.obj
LOAD CMakeFiles/STM32H753-DroneCAN-Node.dir/Drivers/dsdl_generated/src/ardupilot.gnss.Heading.c.obj
LOAD CMakeFiles/STM32H753-DroneCAN-Node.dir/Drivers/dsdl_generated/src/ardupilot.gnss.MovingBaselineData.c.obj
LOAD CMakeFiles/STM32H753-DroneCAN-Node.dir/Drivers/dsdl_generated/src/ardupilot.gnss.RelPosHeading.c.obj
LOAD CMakeFiles/STM32H753-DroneCAN-Node.dir/Drivers/dsdl_generated/src/ardupilot.gnss.Status.c.obj
LOAD CMakeFiles/STM32H753-DroneCAN-Node.dir/Drivers/dsdl_generated/src/ardupilot.indication.Button.c.obj
LOAD CMakeFiles/STM32H753-DroneCAN-Node.dir/Drivers/dsdl_generated/src/ardupilot.indication.NotifyState.c.obj
LOAD CMakeFiles/STM32H753-DroneCAN-Node.dir/Drivers/dsdl_generated/src/ardupilot.indication.SafetyState.c.obj
LOAD CMakeFiles/STM32H753-DroneCAN-Node.dir/Drivers/dsdl_generated/src/dronecan.protocol.CanStats.c.obj
LOAD CMakeFiles/STM32H753-DroneCAN-Node.dir/Drivers/dsdl_generated/src/dronecan.protocol.FlexDebug.c.obj
LOAD CMakeFiles/STM32H753-DroneCAN-Node.dir/Drivers/dsdl_generated/src/dronecan.protocol.Stats.c.obj
LOAD CMakeFiles/STM32H753-DroneCAN-Node.dir/Drivers/dsdl_generated/src/dronecan.remoteid.ArmStatus.c.obj
LOAD CMakeFiles/STM32H753-DroneCAN-Node.dir/Drivers/dsdl_generated/src/dronecan.remoteid.BasicID.c.obj
LOAD CMakeFiles/STM32H753-DroneCAN-Node.dir/Drivers/dsdl_generated/src/dronecan.remoteid.Location.c.obj
LOAD CMakeFiles/STM32H753-DroneCAN-Node.dir/Drivers/dsdl_generated/src/dronecan.remoteid.OperatorID.c.obj
LOAD CMakeFiles/STM32H753-DroneCAN-Node.dir/Drivers/dsdl_generated/src/dronecan.remoteid.SecureCommand_req.c.obj
LOAD CMakeFiles/STM32H753-DroneCAN-Node.dir/Drivers/dsdl_generated/src/dronecan.remoteid.SecureCommand_res.c.obj
LOAD CMakeFiles/STM32H753-DroneCAN-Node.dir/Drivers/dsdl_generated/src/dronecan.remoteid.SelfID.c.obj
LOAD CMakeFiles/STM32H753-DroneCAN-Node.dir/Drivers/dsdl_generated/src/dronecan.remoteid.System.c.obj
LOAD CMakeFiles/STM32H753-DroneCAN-Node.dir/Drivers/dsdl_generated/src/dronecan.sensors.hygrometer.Hygrometer.c.obj
LOAD CMakeFiles/STM32H753-DroneCAN-Node.dir/Drivers/dsdl_generated/src/dronecan.sensors.magnetometer.MagneticFieldStrengthHiRes.c.obj
LOAD CMakeFiles/STM32H753-DroneCAN-Node.dir/Drivers/dsdl_generated/src/dronecan.sensors.rc.RCInput.c.obj
LOAD CMakeFiles/STM32H753-DroneCAN-Node.dir/Drivers/dsdl_generated/src/dronecan.sensors.rpm.RPM.c.obj
LOAD CMakeFiles/STM32H753-DroneCAN-Node.dir/Drivers/dsdl_generated/src/uavcan.CoarseOrientation.c.obj
LOAD CMakeFiles/STM32H753-DroneCAN-Node.dir/Drivers/dsdl_generated/src/uavcan.Timestamp.c.obj
LOAD CMakeFiles/STM32H753-DroneCAN-Node.dir/Drivers/dsdl_generated/src/uavcan.equipment.actuator.ArrayCommand.c.obj
LOAD CMakeFiles/STM32H753-DroneCAN-Node.dir/Drivers/dsdl_generated/src/uavcan.equipment.actuator.Command.c.obj
LOAD CMakeFiles/STM32H753-DroneCAN-Node.dir/Drivers/dsdl_generated/src/uavcan.equipment.actuator.Status.c.obj
LOAD CMakeFiles/STM32H753-DroneCAN-Node.dir/Drivers/dsdl_generated/src/uavcan.equipment.ahrs.MagneticFieldStrength.c.obj
LOAD CMakeFiles/STM32H753-DroneCAN-Node.dir/Drivers/dsdl_generated/src/uavcan.equipment.ahrs.MagneticFieldStrength2.c.obj
LOAD CMakeFiles/STM32H753-DroneCAN-Node.dir/Drivers/dsdl_generated/src/uavcan.equipment.ahrs.RawIMU.c.obj
LOAD CMakeFiles/STM32H753-DroneCAN-Node.dir/Drivers/dsdl_generated/src/uavcan.equipment.ahrs.Solution.c.obj
LOAD CMakeFiles/STM32H753-DroneCAN-Node.dir/Drivers/dsdl_generated/src/uavcan.equipment.air_data.AngleOfAttack.c.obj
LOAD CMakeFiles/STM32H753-DroneCAN-Node.dir/Drivers/dsdl_generated/src/uavcan.equipment.air_data.IndicatedAirspeed.c.obj
LOAD CMakeFiles/STM32H753-DroneCAN-Node.dir/Drivers/dsdl_generated/src/uavcan.equipment.air_data.RawAirData.c.obj
LOAD CMakeFiles/STM32H753-DroneCAN-Node.dir/Drivers/dsdl_generated/src/uavcan.equipment.air_data.Sideslip.c.obj
LOAD CMakeFiles/STM32H753-DroneCAN-Node.dir/Drivers/dsdl_generated/src/uavcan.equipment.air_data.StaticPressure.c.obj
LOAD CMakeFiles/STM32H753-DroneCAN-Node.dir/Drivers/dsdl_generated/src/uavcan.equipment.air_data.StaticTemperature.c.obj
LOAD CMakeFiles/STM32H753-DroneCAN-Node.dir/Drivers/dsdl_generated/src/uavcan.equipment.air_data.TrueAirspeed.c.obj
LOAD CMakeFiles/STM32H753-DroneCAN-Node.dir/Drivers/dsdl_generated/src/uavcan.equipment.camera_gimbal.AngularCommand.c.obj
LOAD CMakeFiles/STM32H753-DroneCAN-Node.dir/Drivers/dsdl_generated/src/uavcan.equipment.camera_gimbal.GEOPOICommand.c.obj
LOAD CMakeFiles/STM32H753-DroneCAN-Node.dir/Drivers/dsdl_generated/src/uavcan.equipment.camera_gimbal.Mode.c.obj
LOAD CMakeFiles/STM32H753-DroneCAN-Node.dir/Drivers/dsdl_generated/src/uavcan.equipment.camera_gimbal.Status.c.obj
LOAD CMakeFiles/STM32H753-DroneCAN-Node.dir/Drivers/dsdl_generated/src/uavcan.equipment.device.Temperature.c.obj
LOAD CMakeFiles/STM32H753-DroneCAN-Node.dir/Drivers/dsdl_generated/src/uavcan.equipment.esc.RPMCommand.c.obj
LOAD CMakeFiles/STM32H753-DroneCAN-Node.dir/Drivers/dsdl_generated/src/uavcan.equipment.esc.RawCommand.c.obj
LOAD CMakeFiles/STM32H753-DroneCAN-Node.dir/Drivers/dsdl_generated/src/uavcan.equipment.esc.Status.c.obj
LOAD CMakeFiles/STM32H753-DroneCAN-Node.dir/Drivers/dsdl_generated/src/uavcan.equipment.esc.StatusExtended.c.obj
LOAD CMakeFiles/STM32H753-DroneCAN-Node.dir/Drivers/dsdl_generated/src/uavcan.equipment.gnss.Auxiliary.c.obj
LOAD CMakeFiles/STM32H753-DroneCAN-Node.dir/Drivers/dsdl_generated/src/uavcan.equipment.gnss.ECEFPositionVelocity.c.obj
LOAD CMakeFiles/STM32H753-DroneCAN-Node.dir/Drivers/dsdl_generated/src/uavcan.equipment.gnss.Fix.c.obj
LOAD CMakeFiles/STM32H753-DroneCAN-Node.dir/Drivers/dsdl_generated/src/uavcan.equipment.gnss.Fix2.c.obj
LOAD CMakeFiles/STM32H753-DroneCAN-Node.dir/Drivers/dsdl_generated/src/uavcan.equipment.gnss.RTCMStream.c.obj
LOAD CMakeFiles/STM32H753-DroneCAN-Node.dir/Drivers/dsdl_generated/src/uavcan.equipment.hardpoint.Command.c.obj
LOAD CMakeFiles/STM32H753-DroneCAN-Node.dir/Drivers/dsdl_generated/src/uavcan.equipment.hardpoint.Status.c.obj
LOAD CMakeFiles/STM32H753-DroneCAN-Node.dir/Drivers/dsdl_generated/src/uavcan.equipment.ice.FuelTankStatus.c.obj
LOAD CMakeFiles/STM32H753-DroneCAN-Node.dir/Drivers/dsdl_generated/src/uavcan.equipment.ice.reciprocating.CylinderStatus.c.obj
LOAD CMakeFiles/STM32H753-DroneCAN-Node.dir/Drivers/dsdl_generated/src/uavcan.equipment.ice.reciprocating.Status.c.obj
LOAD CMakeFiles/STM32H753-DroneCAN-Node.dir/Drivers/dsdl_generated/src/uavcan.equipment.indication.BeepCommand.c.obj
LOAD CMakeFiles/STM32H753-DroneCAN-Node.dir/Drivers/dsdl_generated/src/uavcan.equipment.indication.LightsCommand.c.obj
LOAD CMakeFiles/STM32H753-DroneCAN-Node.dir/Drivers/dsdl_generated/src/uavcan.equipment.indication.RGB565.c.obj
LOAD CMakeFiles/STM32H753-DroneCAN-Node.dir/Drivers/dsdl_generated/src/uavcan.equipment.indication.SingleLightCommand.c.obj
LOAD CMakeFiles/STM32H753-DroneCAN-Node.dir/Drivers/dsdl_generated/src/uavcan.equipment.power.BatteryInfo.c.obj
LOAD CMakeFiles/STM32H753-DroneCAN-Node.dir/Drivers/dsdl_generated/src/uavcan.equipment.power.CircuitStatus.c.obj
LOAD CMakeFiles/STM32H753-DroneCAN-Node.dir/Drivers/dsdl_generated/src/uavcan.equipment.power.PrimaryPowerSupplyStatus.c.obj
LOAD CMakeFiles/STM32H753-DroneCAN-Node.dir/Drivers/dsdl_generated/src/uavcan.equipment.range_sensor.Measurement.c.obj
LOAD CMakeFiles/STM32H753-DroneCAN-Node.dir/Drivers/dsdl_generated/src/uavcan.equipment.safety.ArmingStatus.c.obj
LOAD CMakeFiles/STM32H753-DroneCAN-Node.dir/Drivers/dsdl_generated/src/uavcan.navigation.GlobalNavigationSolution.c.obj
LOAD CMakeFiles/STM32H753-DroneCAN-Node.dir/Drivers/dsdl_generated/src/uavcan.protocol.AccessCommandShell_req.c.obj
LOAD CMakeFiles/STM32H753-DroneCAN-Node.dir/Drivers/dsdl_generated/src/uavcan.protocol.AccessCommandShell_res.c.obj
LOAD CMakeFiles/STM32H753-DroneCAN-Node.dir/Drivers/dsdl_generated/src/uavcan.protocol.CANIfaceStats.c.obj
LOAD CMakeFiles/STM32H753-DroneCAN-Node.dir/Drivers/dsdl_generated/src/uavcan.protocol.DataTypeKind.c.obj
LOAD CMakeFiles/STM32H753-DroneCAN-Node.dir/Drivers/dsdl_generated/src/uavcan.protocol.GetDataTypeInfo_req.c.obj
LOAD CMakeFiles/STM32H753-DroneCAN-Node.dir/Drivers/dsdl_generated/src/uavcan.protocol.GetDataTypeInfo_res.c.obj
LOAD CMakeFiles/STM32H753-DroneCAN-Node.dir/Drivers/dsdl_generated/src/uavcan.protocol.GetNodeInfo_req.c.obj
LOAD CMakeFiles/STM32H753-DroneCAN-Node.dir/Drivers/dsdl_generated/src/uavcan.protocol.GetNodeInfo_res.c.obj
LOAD CMakeFiles/STM32H753-DroneCAN-Node.dir/Drivers/dsdl_generated/src/uavcan.protocol.GetTransportStats_req.c.obj
LOAD CMakeFiles/STM32H753-DroneCAN-Node.dir/Drivers/dsdl_generated/src/uavcan.protocol.GetTransportStats_res.c.obj
LOAD CMakeFiles/STM32H753-DroneCAN-Node.dir/Drivers/dsdl_generated/src/uavcan.protocol.GlobalTimeSync.c.obj
LOAD CMakeFiles/STM32H753-DroneCAN-Node.dir/Drivers/dsdl_generated/src/uavcan.protocol.HardwareVersion.c.obj
LOAD CMakeFiles/STM32H753-DroneCAN-Node.dir/Drivers/dsdl_generated/src/uavcan.protocol.NodeStatus.c.obj
LOAD CMakeFiles/STM32H753-DroneCAN-Node.dir/Drivers/dsdl_generated/src/uavcan.protocol.Panic.c.obj
LOAD CMakeFiles/STM32H753-DroneCAN-Node.dir/Drivers/dsdl_generated/src/uavcan.protocol.RestartNode_req.c.obj
LOAD CMakeFiles/STM32H753-DroneCAN-Node.dir/Drivers/dsdl_generated/src/uavcan.protocol.RestartNode_res.c.obj
LOAD CMakeFiles/STM32H753-DroneCAN-Node.dir/Drivers/dsdl_generated/src/uavcan.protocol.SoftwareVersion.c.obj
LOAD CMakeFiles/STM32H753-DroneCAN-Node.dir/Drivers/dsdl_generated/src/uavcan.protocol.debug.KeyValue.c.obj
LOAD CMakeFiles/STM32H753-DroneCAN-Node.dir/Drivers/dsdl_generated/src/uavcan.protocol.debug.LogLevel.c.obj
LOAD CMakeFiles/STM32H753-DroneCAN-Node.dir/Drivers/dsdl_generated/src/uavcan.protocol.debug.LogMessage.c.obj
LOAD CMakeFiles/STM32H753-DroneCAN-Node.dir/Drivers/dsdl_generated/src/uavcan.protocol.dynamic_node_id.Allocation.c.obj
LOAD CMakeFiles/STM32H753-DroneCAN-Node.dir/Drivers/dsdl_generated/src/uavcan.protocol.dynamic_node_id.server.AppendEntries_req.c.obj
LOAD CMakeFiles/STM32H753-DroneCAN-Node.dir/Drivers/dsdl_generated/src/uavcan.protocol.dynamic_node_id.server.AppendEntries_res.c.obj
LOAD CMakeFiles/STM32H753-DroneCAN-Node.dir/Drivers/dsdl_generated/src/uavcan.protocol.dynamic_node_id.server.Discovery.c.obj
LOAD CMakeFiles/STM32H753-DroneCAN-Node.dir/Drivers/dsdl_generated/src/uavcan.protocol.dynamic_node_id.server.Entry.c.obj
LOAD CMakeFiles/STM32H753-DroneCAN-Node.dir/Drivers/dsdl_generated/src/uavcan.protocol.dynamic_node_id.server.RequestVote_req.c.obj
LOAD CMakeFiles/STM32H753-DroneCAN-Node.dir/Drivers/dsdl_generated/src/uavcan.protocol.dynamic_node_id.server.RequestVote_res.c.obj
LOAD CMakeFiles/STM32H753-DroneCAN-Node.dir/Drivers/dsdl_generated/src/uavcan.protocol.enumeration.Begin_req.c.obj
LOAD CMakeFiles/STM32H753-DroneCAN-Node.dir/Drivers/dsdl_generated/src/uavcan.protocol.enumeration.Begin_res.c.obj
LOAD CMakeFiles/STM32H753-DroneCAN-Node.dir/Drivers/dsdl_generated/src/uavcan.protocol.enumeration.Indication.c.obj
LOAD CMakeFiles/STM32H753-DroneCAN-Node.dir/Drivers/dsdl_generated/src/uavcan.protocol.file.BeginFirmwareUpdate_req.c.obj
LOAD CMakeFiles/STM32H753-DroneCAN-Node.dir/Drivers/dsdl_generated/src/uavcan.protocol.file.BeginFirmwareUpdate_res.c.obj
LOAD CMakeFiles/STM32H753-DroneCAN-Node.dir/Drivers/dsdl_generated/src/uavcan.protocol.file.Delete_req.c.obj
LOAD CMakeFiles/STM32H753-DroneCAN-Node.dir/Drivers/dsdl_generated/src/uavcan.protocol.file.Delete_res.c.obj
LOAD CMakeFiles/STM32H753-DroneCAN-Node.dir/Drivers/dsdl_generated/src/uavcan.protocol.file.EntryType.c.obj
LOAD CMakeFiles/STM32H753-DroneCAN-Node.dir/Drivers/dsdl_generated/src/uavcan.protocol.file.Error.c.obj
LOAD CMakeFiles/STM32H753-DroneCAN-Node.dir/Drivers/dsdl_generated/src/uavcan.protocol.file.GetDirectoryEntryInfo_req.c.obj
LOAD CMakeFiles/STM32H753-DroneCAN-Node.dir/Drivers/dsdl_generated/src/uavcan.protocol.file.GetDirectoryEntryInfo_res.c.obj
LOAD CMakeFiles/STM32H753-DroneCAN-Node.dir/Drivers/dsdl_generated/src/uavcan.protocol.file.GetInfo_req.c.obj
LOAD CMakeFiles/STM32H753-DroneCAN-Node.dir/Drivers/dsdl_generated/src/uavcan.protocol.file.GetInfo_res.c.obj
LOAD CMakeFiles/STM32H753-DroneCAN-Node.dir/Drivers/dsdl_generated/src/uavcan.protocol.file.Path.c.obj
LOAD CMakeFiles/STM32H753-DroneCAN-Node.dir/Drivers/dsdl_generated/src/uavcan.protocol.file.Read_req.c.obj
LOAD CMakeFiles/STM32H753-DroneCAN-Node.dir/Drivers/dsdl_generated/src/uavcan.protocol.file.Read_res.c.obj
LOAD CMakeFiles/STM32H753-DroneCAN-Node.dir/Drivers/dsdl_generated/src/uavcan.protocol.file.Write_req.c.obj
LOAD CMakeFiles/STM32H753-DroneCAN-Node.dir/Drivers/dsdl_generated/src/uavcan.protocol.file.Write_res.c.obj
LOAD CMakeFiles/STM32H753-DroneCAN-Node.dir/Drivers/dsdl_generated/src/uavcan.protocol.param.Empty.c.obj
LOAD CMakeFiles/STM32H753-DroneCAN-Node.dir/Drivers/dsdl_generated/src/uavcan.protocol.param.ExecuteOpcode_req.c.obj
LOAD CMakeFiles/STM32H753-DroneCAN-Node.dir/Drivers/dsdl_generated/src/uavcan.protocol.param.ExecuteOpcode_res.c.obj
LOAD CMakeFiles/STM32H753-DroneCAN-Node.dir/Drivers/dsdl_generated/src/uavcan.protocol.param.GetSet_req.c.obj
LOAD CMakeFiles/STM32H753-DroneCAN-Node.dir/Drivers/dsdl_generated/src/uavcan.protocol.param.GetSet_res.c.obj
LOAD CMakeFiles/STM32H753-DroneCAN-Node.dir/Drivers/dsdl_generated/src/uavcan.protocol.param.NumericValue.c.obj
LOAD CMakeFiles/STM32H753-DroneCAN-Node.dir/Drivers/dsdl_generated/src/uavcan.protocol.param.Value.c.obj
LOAD CMakeFiles/STM32H753-DroneCAN-Node.dir/Drivers/dsdl_generated/src/uavcan.tunnel.Broadcast.c.obj
LOAD CMakeFiles/STM32H753-DroneCAN-Node.dir/Drivers/dsdl_generated/src/uavcan.tunnel.Call_req.c.obj
LOAD CMakeFiles/STM32H753-DroneCAN-Node.dir/Drivers/dsdl_generated/src/uavcan.tunnel.Call_res.c.obj
LOAD CMakeFiles/STM32H753-DroneCAN-Node.dir/Drivers/dsdl_generated/src/uavcan.tunnel.Protocol.c.obj
LOAD CMakeFiles/STM32H753-DroneCAN-Node.dir/Drivers/dsdl_generated/src/uavcan.tunnel.SerialConfig.c.obj
LOAD CMakeFiles/STM32H753-DroneCAN-Node.dir/Drivers/dsdl_generated/src/uavcan.tunnel.Targetted.c.obj
START GROUP
LOAD /opt/st/stm32cubeide_1.17.0/plugins/com.st.stm32cube.ide.mcu.externaltools.gnu-tools-for-stm32.12.3.rel1.linux64_1.1.0.202410170702/tools/bin/../lib/gcc/arm-none-eabi/12.3.1/thumb/v7e-m/nofp/libgcc.a
LOAD /opt/st/stm32cubeide_1.17.0/plugins/com.st.stm32cube.ide.mcu.externaltools.gnu-tools-for-stm32.12.3.rel1.linux64_1.1.0.202410170702/tools/bin/../lib/gcc/arm-none-eabi/12.3.1/../../../../arm-none-eabi/lib/thumb/v7e-m/nofp/libg_nano.a
LOAD /opt/st/stm32cubeide_1.17.0/plugins/com.st.stm32cube.ide.mcu.externaltools.gnu-tools-for-stm32.12.3.rel1.linux64_1.1.0.202410170702/tools/bin/../lib/gcc/arm-none-eabi/12.3.1/../../../../arm-none-eabi/lib/thumb/v7e-m/nofp/libc_nano.a
END GROUP
START GROUP
LOAD /opt/st/stm32cubeide_1.17.0/plugins/com.st.stm32cube.ide.mcu.externaltools.gnu-tools-for-stm32.12.3.rel1.linux64_1.1.0.202410170702/tools/bin/../lib/gcc/arm-none-eabi/12.3.1/thumb/v7e-m/nofp/libgcc.a
LOAD /opt/st/stm32cubeide_1.17.0/plugins/com.st.stm32cube.ide.mcu.externaltools.gnu-tools-for-stm32.12.3.rel1.linux64_1.1.0.202410170702/tools/bin/../lib/gcc/arm-none-eabi/12.3.1/../../../../arm-none-eabi/lib/thumb/v7e-m/nofp/libc_nano.a
LOAD /opt/st/stm32cubeide_1.17.0/plugins/com.st.stm32cube.ide.mcu.externaltools.gnu-tools-for-stm32.12.3.rel1.linux64_1.1.0.202410170702/tools/bin/../lib/gcc/arm-none-eabi/12.3.1/../../../../arm-none-eabi/lib/thumb/v7e-m/nofp/libnosys.a
END GROUP
START GROUP
LOAD /opt/st/stm32cubeide_1.17.0/plugins/com.st.stm32cube.ide.mcu.externaltools.gnu-tools-for-stm32.12.3.rel1.linux64_1.1.0.202410170702/tools/bin/../lib/gcc/arm-none-eabi/12.3.1/thumb/v7e-m/nofp/libgcc.a
LOAD /opt/st/stm32cubeide_1.17.0/plugins/com.st.stm32cube.ide.mcu.externaltools.gnu-tools-for-stm32.12.3.rel1.linux64_1.1.0.202410170702/tools/bin/../lib/gcc/arm-none-eabi/12.3.1/../../../../arm-none-eabi/lib/thumb/v7e-m/nofp/libc_nano.a
LOAD /opt/st/stm32cubeide_1.17.0/plugins/com.st.stm32cube.ide.mcu.externaltools.gnu-tools-for-stm32.12.3.rel1.linux64_1.1.0.202410170702/tools/bin/../lib/gcc/arm-none-eabi/12.3.1/../../../../arm-none-eabi/lib/thumb/v7e-m/nofp/libnosys.a
END GROUP
LOAD /opt/st/stm32cubeide_1.17.0/plugins/com.st.stm32cube.ide.mcu.externaltools.gnu-tools-for-stm32.12.3.rel1.linux64_1.1.0.202410170702/tools/bin/../lib/gcc/arm-none-eabi/12.3.1/thumb/v7e-m/nofp/crtend.o
LOAD /opt/st/stm32cubeide_1.17.0/plugins/com.st.stm32cube.ide.mcu.externaltools.gnu-tools-for-stm32.12.3.rel1.linux64_1.1.0.202410170702/tools/bin/../lib/gcc/arm-none-eabi/12.3.1/thumb/v7e-m/nofp/crtn.o
                0x24080000                        _estack = (ORIGIN (RAM_D1) + LENGTH (RAM_D1))
                0x00000200                        _Min_Heap_Size = 0x200
                0x00000400                        _Min_Stack_Size = 0x400

.isr_vector     0x08000000      0x298
                0x08000000                        . = ALIGN (0x4)
 *(.isr_vector)
 .isr_vector    0x08000000      0x298 CMakeFiles/STM32H753-DroneCAN-Node.dir/Startup/startup_stm32h753iitx.s.obj
                0x08000000                g_pfnVectors
                0x08000298                        . = ALIGN (0x4)

.text           0x08000298       0xfc
                0x08000298                        . = ALIGN (0x4)
 *(.text)
 .text          0x08000298       0x40 /opt/st/stm32cubeide_1.17.0/plugins/com.st.stm32cube.ide.mcu.externaltools.gnu-tools-for-stm32.12.3.rel1.linux64_1.1.0.202410170702/tools/bin/../lib/gcc/arm-none-eabi/12.3.1/thumb/v7e-m/nofp/crtbegin.o
 .text          0x080002d8        0x8 CMakeFiles/STM32H753-DroneCAN-Node.dir/Sources/main.c.obj
                0x080002d8                main
 *(.text*)
 .text.__libc_init_array
                0x080002e0       0x48 /opt/st/stm32cubeide_1.17.0/plugins/com.st.stm32cube.ide.mcu.externaltools.gnu-tools-for-stm32.12.3.rel1.linux64_1.1.0.202410170702/tools/bin/../lib/gcc/arm-none-eabi/12.3.1/../../../../arm-none-eabi/lib/thumb/v7e-m/nofp/libc_nano.a(libc_a-init.o)
                0x080002e0                __libc_init_array
 .text.Reset_Handler
                0x08000328       0x50 CMakeFiles/STM32H753-DroneCAN-Node.dir/Startup/startup_stm32h753iitx.s.obj
                0x08000328                Reset_Handler
 .text.Default_Handler
                0x08000378        0x2 CMakeFiles/STM32H753-DroneCAN-Node.dir/Startup/startup_stm32h753iitx.s.obj
                0x08000378                HASH_RNG_IRQHandler
                0x08000378                EXTI2_IRQHandler
                0x08000378                TIM8_CC_IRQHandler
                0x08000378                DMA_STR2_IRQHandler
                0x08000378                DebugMon_Handler
                0x08000378                UART8_IRQHandler
                0x08000378                SPI4_IRQHandler
                0x08000378                HRTIM1_MST_IRQHandler
                0x08000378                HardFault_Handler
                0x08000378                DMA_STR5_IRQHandler
                0x08000378                HRTIM1_FLT_IRQHandler
                0x08000378                JPEG_IRQHandler
                0x08000378                SysTick_Handler
                0x08000378                DMA2_STR1_IRQHandler
                0x08000378                DMA2_STR5_IRQHandler
                0x08000378                HRTIM1_TIMD_IRQHandler
                0x08000378                PendSV_Handler
                0x08000378                NMI_Handler
                0x08000378                EXTI3_IRQHandler
                0x08000378                LPTIM4_IRQHandler
                0x08000378                TIM8_TRG_COM_TIM14_IRQHandler
                0x08000378                LPTIM2_IRQHandler
                0x08000378                DFSDM1_FLT1_IRQHandler
                0x08000378                DMAMUX2_OVR_IRQHandler
                0x08000378                TIM8_UP_TIM13_IRQHandler
                0x08000378                I2C3_ER_IRQHandler
                0x08000378                DFSDM1_FLT2_IRQHandler
                0x08000378                MDMA_IRQHandler
                0x08000378                LPTIM3_IRQHandler
                0x08000378                EXTI0_IRQHandler
                0x08000378                I2C2_EV_IRQHandler
                0x08000378                FPU_IRQHandler
                0x08000378                DMA_STR1_IRQHandler
                0x08000378                OTG_HS_WKUP_IRQHandler
                0x08000378                FDCAN1_IT1_IRQHandler
                0x08000378                UsageFault_Handler
                0x08000378                LTDC_ER_IRQHandler
                0x08000378                ADC1_2_IRQHandler
                0x08000378                SPI1_IRQHandler
                0x08000378                BDMA_CH2_IRQHandler
                0x08000378                TIM6_DAC_IRQHandler
                0x08000378                DCMI_IRQHandler
                0x08000378                HRTIM1_TIMC_IRQHandler
                0x08000378                SDMMC_IRQHandler
                0x08000378                RTC_ALARM_IRQHandler
                0x08000378                DMA_STR0_IRQHandler
                0x08000378                SAI2_IRQHandler
                0x08000378                DMA2_STR3_IRQHandler
                0x08000378                DFSDM1_FLT3_IRQHandler
                0x08000378                USART6_IRQHandler
                0x08000378                BDMA_CH5_IRQHandler
                0x08000378                TIM17_IRQHandler
                0x08000378                BDMA_CH6_IRQHandler
                0x08000378                USART3_IRQHandler
                0x08000378                WKUP_IRQHandler
                0x08000378                CRYP_IRQHandler
                0x08000378                BDMA_CH3_IRQHandler
                0x08000378                LPTIM5_IRQHandler
                0x08000378                LPUART_IRQHandler
                0x08000378                UART5_IRQHandler
                0x08000378                ADC3_IRQHandler
                0x08000378                DMA_STR6_IRQHandler
                0x08000378                TIM4_IRQHandler
                0x08000378                QUADSPI_IRQHandler
                0x08000378                I2C1_EV_IRQHandler
                0x08000378                DMA1_STR7_IRQHandler
                0x08000378                TIM16_IRQHandler
                0x08000378                UART4_IRQHandler
                0x08000378                TIM3_IRQHandler
                0x08000378                RCC_IRQHandler
                0x08000378                TIM8_BRK_TIM12_IRQHandler
                0x08000378                TIM1_TRG_COM_IRQHandler
                0x08000378                Default_Handler
                0x08000378                HRTIM_TIMB_IRQHandler
                0x08000378                CEC_IRQHandler
                0x08000378                EXTI15_10_IRQHandler
                0x08000378                BDMA_CH4_IRQHandler
                0x08000378                DMA_STR3_IRQHandler
                0x08000378                HRTIM_TIME_IRQHandler
                0x08000378                HRTIM1_TIMA_IRQHandler
                0x08000378                SPI5_IRQHandler
                0x08000378                TIM7_IRQHandler
                0x08000378                SDMMC1_IRQHandler
                0x08000378                TIM5_IRQHandler
                0x08000378                SPDIF_IRQHandler
                0x08000378                TIM15_IRQHandler
                0x08000378                I2C3_EV_IRQHandler
                0x08000378                WWDG1_RST_IRQHandler
                0x08000378                EXTI9_5_IRQHandler
                0x08000378                DMA2_STR4_IRQHandler
                0x08000378                RTC_WKUP_IRQHandler
                0x08000378                DMA2_STR6_IRQHandler
                0x08000378                LTDC_IRQHandler
                0x08000378                SAI3_IRQHandler
                0x08000378                ETH_WKUP_IRQHandler
                0x08000378                PVD_PVM_IRQHandler
                0x08000378                BDMA_CH0_IRQHandler
                0x08000378                SPI2_IRQHandler
                0x08000378                OTG_HS_EP1_IN_IRQHandler
                0x08000378                MemManage_Handler
                0x08000378                DMA2_STR0_IRQHandler
                0x08000378                SVC_Handler
                0x08000378                CRS_IRQHandler
                0x08000378                EXTI4_IRQHandler
                0x08000378                DMAMUX1_OV_IRQHandler
                0x08000378                FDCAN2_IT1_IRQHandler
                0x08000378                DMA_STR4_IRQHandler
                0x08000378                COMP_IRQHandler
                0x08000378                DMA2_STR2_IRQHandler
                0x08000378                ETH_IRQHandler
                0x08000378                TIM1_UP_IRQHandler
                0x08000378                DMA2_STR7_IRQHandler
                0x08000378                OTG_HS_EP1_OUT_IRQHandler
                0x08000378                SPI6_IRQHandler
                0x08000378                MDIOS_IRQHandler
                0x08000378                I2C4_EV_IRQHandler
                0x08000378                FDCAN2_IT0_IRQHandler
                0x08000378                BDMA_CH7_IRQHandler
                0x08000378                FDCAN1_IT0_IRQHandler
                0x08000378                TIM2_IRQHandler
                0x08000378                HSEM0_IRQHandler
                0x08000378                OTG_FS_WKUP_IRQHandler
                0x08000378                OTG_HS_IRQHandler
                0x08000378                DMA2D_IRQHandler
                0x08000378                TIM1_BRK_IRQHandler
                0x08000378                EXTI1_IRQHandler
                0x08000378                OTG_FS_EP1_OUT_IRQHandler
                0x08000378                UART7_IRQHandler
                0x08000378                MDIOS_WKUP_IRQHandler
                0x08000378                USART2_IRQHandler
                0x08000378                DFSDM1_FLT0_IRQHandler
                0x08000378                SAI4_IRQHandler
                0x08000378                I2C2_ER_IRQHandler
                0x08000378                FLASH_IRQHandler
                0x08000378                WWDG1_IRQHandler
                0x08000378                BusFault_Handler
                0x08000378                USART1_IRQHandler
                0x08000378                OTG_FS_IRQHandler
                0x08000378                SPI3_IRQHandler
                0x08000378                OTG_FS_EP1_IN_IRQHandler
                0x08000378                I2C1_ER_IRQHandler
                0x08000378                FMC_IRQHandler
                0x08000378                BDMA_CH1_IRQHandler
                0x08000378                FDCAN_CAL_IRQHandler
                0x08000378                SWPMI1_IRQHandler
                0x08000378                LPTIM1_IRQHandler
                0x08000378                TIM_CC_IRQHandler
                0x08000378                I2C4_ER_IRQHandler
                0x08000378                SAI1_IRQHandler
                0x08000378                RTC_TAMP_STAMP_CSS_LSE_IRQHandler
 *(.glue_7)
 .glue_7        0x0800037a        0x0 linker stubs
 *(.glue_7t)
 .glue_7t       0x0800037a        0x0 linker stubs
 *(.eh_frame)
 *fill*         0x0800037a        0x2 
 .eh_frame      0x0800037c        0x0 /opt/st/stm32cubeide_1.17.0/plugins/com.st.stm32cube.ide.mcu.externaltools.gnu-tools-for-stm32.12.3.rel1.linux64_1.1.0.202410170702/tools/bin/../lib/gcc/arm-none-eabi/12.3.1/thumb/v7e-m/nofp/crtbegin.o
 *(.init)
 .init          0x0800037c        0x4 /opt/st/stm32cubeide_1.17.0/plugins/com.st.stm32cube.ide.mcu.externaltools.gnu-tools-for-stm32.12.3.rel1.linux64_1.1.0.202410170702/tools/bin/../lib/gcc/arm-none-eabi/12.3.1/thumb/v7e-m/nofp/crti.o
                0x0800037c                _init
 .init          0x08000380        0x8 /opt/st/stm32cubeide_1.17.0/plugins/com.st.stm32cube.ide.mcu.externaltools.gnu-tools-for-stm32.12.3.rel1.linux64_1.1.0.202410170702/tools/bin/../lib/gcc/arm-none-eabi/12.3.1/thumb/v7e-m/nofp/crtn.o
 *(.fini)
 .fini          0x08000388        0x4 /opt/st/stm32cubeide_1.17.0/plugins/com.st.stm32cube.ide.mcu.externaltools.gnu-tools-for-stm32.12.3.rel1.linux64_1.1.0.202410170702/tools/bin/../lib/gcc/arm-none-eabi/12.3.1/thumb/v7e-m/nofp/crti.o
                0x08000388                _fini
 .fini          0x0800038c        0x8 /opt/st/stm32cubeide_1.17.0/plugins/com.st.stm32cube.ide.mcu.externaltools.gnu-tools-for-stm32.12.3.rel1.linux64_1.1.0.202410170702/tools/bin/../lib/gcc/arm-none-eabi/12.3.1/thumb/v7e-m/nofp/crtn.o
                0x08000394                        . = ALIGN (0x4)
                0x08000394                        _etext = .

.vfp11_veneer   0x08000394        0x0
 .vfp11_veneer  0x08000394        0x0 linker stubs

.v4_bx          0x08000394        0x0
 .v4_bx         0x08000394        0x0 linker stubs

.iplt           0x08000394        0x0
 .iplt          0x08000394        0x0 /opt/st/stm32cubeide_1.17.0/plugins/com.st.stm32cube.ide.mcu.externaltools.gnu-tools-for-stm32.12.3.rel1.linux64_1.1.0.202410170702/tools/bin/../lib/gcc/arm-none-eabi/12.3.1/thumb/v7e-m/nofp/crtbegin.o

.rodata         0x08000394        0x0
                0x08000394                        . = ALIGN (0x4)
 *(.rodata)
 *(.rodata*)
                0x08000394                        . = ALIGN (0x4)

.ARM.extab
 *(.ARM.extab* .gnu.linkonce.armextab.*)

.ARM            0x08000394        0x0
                0x08000394                        __exidx_start = .
 *(.ARM.exidx*)
                0x08000394                        __exidx_end = .

.preinit_array  0x08000394        0x0
                0x08000394                        PROVIDE (__preinit_array_start = .)
 *(.preinit_array*)
                0x08000394                        PROVIDE (__preinit_array_end = .)

.init_array     0x08000394        0x4
                0x08000394                        PROVIDE (__init_array_start = .)
 *(SORT_BY_NAME(.init_array.*))
 *(.init_array*)
 .init_array    0x08000394        0x4 /opt/st/stm32cubeide_1.17.0/plugins/com.st.stm32cube.ide.mcu.externaltools.gnu-tools-for-stm32.12.3.rel1.linux64_1.1.0.202410170702/tools/bin/../lib/gcc/arm-none-eabi/12.3.1/thumb/v7e-m/nofp/crtbegin.o
                0x08000398                        PROVIDE (__init_array_end = .)

.fini_array     0x08000398        0x4
                [!provide]                        PROVIDE (__fini_array_start = .)
 *(SORT_BY_NAME(.fini_array.*))
 *(.fini_array*)
 .fini_array    0x08000398        0x4 /opt/st/stm32cubeide_1.17.0/plugins/com.st.stm32cube.ide.mcu.externaltools.gnu-tools-for-stm32.12.3.rel1.linux64_1.1.0.202410170702/tools/bin/../lib/gcc/arm-none-eabi/12.3.1/thumb/v7e-m/nofp/crtbegin.o
                [!provide]                        PROVIDE (__fini_array_end = .)
                0x0800039c                        _sidata = LOADADDR (.data)

.rel.dyn        0x0800039c        0x0
 .rel.iplt      0x0800039c        0x0 /opt/st/stm32cubeide_1.17.0/plugins/com.st.stm32cube.ide.mcu.externaltools.gnu-tools-for-stm32.12.3.rel1.linux64_1.1.0.202410170702/tools/bin/../lib/gcc/arm-none-eabi/12.3.1/thumb/v7e-m/nofp/crtbegin.o

.data           0x24000000        0x0 load address 0x0800039c
                0x24000000                        . = ALIGN (0x4)
                0x24000000                        _sdata = .
 *(.data)
 *(.data*)
 *(.RamFunc)
 *(.RamFunc*)
                0x24000000                        . = ALIGN (0x4)
                0x24000000                        _edata = .

.igot.plt       0x24000000        0x0 load address 0x0800039c
 .igot.plt      0x24000000        0x0 /opt/st/stm32cubeide_1.17.0/plugins/com.st.stm32cube.ide.mcu.externaltools.gnu-tools-for-stm32.12.3.rel1.linux64_1.1.0.202410170702/tools/bin/../lib/gcc/arm-none-eabi/12.3.1/thumb/v7e-m/nofp/crtbegin.o
                0x24000000                        . = ALIGN (0x4)

.bss            0x24000000       0x1c load address 0x0800039c
                0x24000000                        _sbss = .
                0x24000000                        __bss_start__ = _sbss
 *(.bss)
 .bss           0x24000000       0x1c /opt/st/stm32cubeide_1.17.0/plugins/com.st.stm32cube.ide.mcu.externaltools.gnu-tools-for-stm32.12.3.rel1.linux64_1.1.0.202410170702/tools/bin/../lib/gcc/arm-none-eabi/12.3.1/thumb/v7e-m/nofp/crtbegin.o
 *(.bss*)
 *(COMMON)
                0x2400001c                        . = ALIGN (0x4)
                0x2400001c                        _ebss = .
                0x2400001c                        __bss_end__ = _ebss

._user_heap_stack
                0x2400001c      0x604 load address 0x0800039c
                0x24000020                        . = ALIGN (0x8)
 *fill*         0x2400001c        0x4 
                [!provide]                        PROVIDE (end = .)
                0x24000020                        PROVIDE (_end = .)
                0x24000220                        . = (. + _Min_Heap_Size)
 *fill*         0x24000020      0x200 
                0x24000620                        . = (. + _Min_Stack_Size)
 *fill*         0x24000220      0x400 
                0x24000620                        . = ALIGN (0x8)

/DISCARD/
 libc.a(*)
 libm.a(*)
 libgcc.a(*)

.ARM.attributes
                0x00000000       0x2a
 *(.ARM.attributes)
 .ARM.attributes
                0x00000000       0x1e /opt/st/stm32cubeide_1.17.0/plugins/com.st.stm32cube.ide.mcu.externaltools.gnu-tools-for-stm32.12.3.rel1.linux64_1.1.0.202410170702/tools/bin/../lib/gcc/arm-none-eabi/12.3.1/thumb/v7e-m/nofp/crti.o
 .ARM.attributes
                0x0000001e       0x2e /opt/st/stm32cubeide_1.17.0/plugins/com.st.stm32cube.ide.mcu.externaltools.gnu-tools-for-stm32.12.3.rel1.linux64_1.1.0.202410170702/tools/bin/../lib/gcc/arm-none-eabi/12.3.1/thumb/v7e-m/nofp/crtbegin.o
 .ARM.attributes
                0x0000004c       0x2e /opt/st/stm32cubeide_1.17.0/plugins/com.st.stm32cube.ide.mcu.externaltools.gnu-tools-for-stm32.12.3.rel1.linux64_1.1.0.202410170702/tools/bin/../lib/gcc/arm-none-eabi/12.3.1/../../../../arm-none-eabi/lib/thumb/v7e-m/nofp/libc_nano.a(libc_a-init.o)
 .ARM.attributes
                0x0000007a       0x21 CMakeFiles/STM32H753-DroneCAN-Node.dir/Startup/startup_stm32h753iitx.s.obj
 .ARM.attributes
                0x0000009b       0x2e CMakeFiles/STM32H753-DroneCAN-Node.dir/Sources/main.c.obj
 .ARM.attributes
                0x000000c9       0x1e /opt/st/stm32cubeide_1.17.0/plugins/com.st.stm32cube.ide.mcu.externaltools.gnu-tools-for-stm32.12.3.rel1.linux64_1.1.0.202410170702/tools/bin/../lib/gcc/arm-none-eabi/12.3.1/thumb/v7e-m/nofp/crtn.o
OUTPUT(STM32H753-DroneCAN-Node.elf elf32-littlearm)
LOAD linker stubs
LOAD /opt/st/stm32cubeide_1.17.0/plugins/com.st.stm32cube.ide.mcu.externaltools.gnu-tools-for-stm32.12.3.rel1.linux64_1.1.0.202410170702/tools/bin/../lib/gcc/arm-none-eabi/12.3.1/../../../../arm-none-eabi/lib/thumb/v7e-m/nofp/libc.a
LOAD /opt/st/stm32cubeide_1.17.0/plugins/com.st.stm32cube.ide.mcu.externaltools.gnu-tools-for-stm32.12.3.rel1.linux64_1.1.0.202410170702/tools/bin/../lib/gcc/arm-none-eabi/12.3.1/../../../../arm-none-eabi/lib/thumb/v7e-m/nofp/libm.a
LOAD /opt/st/stm32cubeide_1.17.0/plugins/com.st.stm32cube.ide.mcu.externaltools.gnu-tools-for-stm32.12.3.rel1.linux64_1.1.0.202410170702/tools/bin/../lib/gcc/arm-none-eabi/12.3.1/thumb/v7e-m/nofp/libgcc.a

.debug_frame    0x00000000       0x54
 .debug_frame   0x00000000       0x2c /opt/st/stm32cubeide_1.17.0/plugins/com.st.stm32cube.ide.mcu.externaltools.gnu-tools-for-stm32.12.3.rel1.linux64_1.1.0.202410170702/tools/bin/../lib/gcc/arm-none-eabi/12.3.1/../../../../arm-none-eabi/lib/thumb/v7e-m/nofp/libc_nano.a(libc_a-init.o)
 .debug_frame   0x0000002c       0x28 CMakeFiles/STM32H753-DroneCAN-Node.dir/Sources/main.c.obj

.debug_line     0x00000000      0x105
 .debug_line    0x00000000       0x7b CMakeFiles/STM32H753-DroneCAN-Node.dir/Startup/startup_stm32h753iitx.s.obj
 .debug_line    0x0000007b       0x8a CMakeFiles/STM32H753-DroneCAN-Node.dir/Sources/main.c.obj

.debug_line_str
                0x00000000       0xac
 .debug_line_str
                0x00000000       0xac CMakeFiles/STM32H753-DroneCAN-Node.dir/Startup/startup_stm32h753iitx.s.obj

.debug_info     0x00000000       0xb3
 .debug_info    0x00000000       0x30 CMakeFiles/STM32H753-DroneCAN-Node.dir/Startup/startup_stm32h753iitx.s.obj
 .debug_info    0x00000030       0x83 CMakeFiles/STM32H753-DroneCAN-Node.dir/Sources/main.c.obj

.debug_abbrev   0x00000000       0x69
 .debug_abbrev  0x00000000       0x24 CMakeFiles/STM32H753-DroneCAN-Node.dir/Startup/startup_stm32h753iitx.s.obj
 .debug_abbrev  0x00000024       0x45 CMakeFiles/STM32H753-DroneCAN-Node.dir/Sources/main.c.obj

.debug_aranges  0x00000000       0x48
 .debug_aranges
                0x00000000       0x28 CMakeFiles/STM32H753-DroneCAN-Node.dir/Startup/startup_stm32h753iitx.s.obj
 .debug_aranges
                0x00000028       0x20 CMakeFiles/STM32H753-DroneCAN-Node.dir/Sources/main.c.obj

.debug_str      0x00000000      0x1dd
 .debug_str     0x00000000       0xc8 CMakeFiles/STM32H753-DroneCAN-Node.dir/Startup/startup_stm32h753iitx.s.obj
 .debug_str     0x000000c8      0x115 CMakeFiles/STM32H753-DroneCAN-Node.dir/Sources/main.c.obj
                                0x192 (size before relaxing)

.debug_rnglists
                0x00000000       0x19
 .debug_rnglists
                0x00000000       0x19 CMakeFiles/STM32H753-DroneCAN-Node.dir/Startup/startup_stm32h753iitx.s.obj

.comment        0x00000000       0x43
 .comment       0x00000000       0x43 CMakeFiles/STM32H753-DroneCAN-Node.dir/Sources/main.c.obj
                                 0x44 (size before relaxing)
